// Jest Snapshot v1, https://goo.gl/fbAQLP

exports[`HTML Editor Node HTML builds the expected component 1`] = `
<div
  className="obojobo-draft--chunks--html viewer pad html-editor"
/>
`;
