// Jest Snapshot v1, https://goo.gl/fbAQLP

exports[`HTML editor Node builds the expected component 1`] = `
<div
  className="component"
>
  <div
    className="obojobo-draft--chunks--html viewer pad html-editor"
  >
    <pre />
  </div>
</div>
`;

exports[`HTML editor oboToSlate converts an OboNode to a Slate node 1`] = `
Object {
  "key": "mockKey",
  "nodes": Array [
    Object {
      "leaves": Array [
        Object {
          "text": undefined,
        },
      ],
      "object": "text",
    },
  ],
  "object": "block",
  "type": "mockType",
}
`;

exports[`HTML editor oboToSlate converts an OboNode to a Slate node with a caption 1`] = `
Object {
  "key": "mockKey",
  "nodes": Array [
    Object {
      "leaves": Array [
        Object {
          "text": undefined,
        },
      ],
      "object": "text",
    },
  ],
  "object": "block",
  "type": "mockType",
}
`;

exports[`HTML editor plugins.renderNode renders a button when passed 1`] = `
<Node
  attributes={
    Object {
      "dummy": "dummyData",
    }
  }
  dummy="dummyData"
  node={
    Object {
      "data": Object {
        "get": [Function],
      },
      "type": "ObojoboDraft.Chunks.HTML",
    }
  }
/>
`;

exports[`HTML editor slateToObo converts a Slate node to an OboNode with content 1`] = `
Object {
  "children": Array [],
  "content": Object {
    "html": "mockText",
  },
  "id": "mockKey",
  "type": "mockType",
}
`;
