// Jest Snapshot v1, https://goo.gl/fbAQLP

exports[`Solution Editor Node Solution component 1`] = `
<div
  className="solution-editor"
>
  <button
    className="delete-node"
    onClick={[Function]}
  >
    X
  </button>
</div>
`;

exports[`Solution Editor Node Solution component deletes self 1`] = `"<div class=\\"solution-editor\\"><button class=\\"delete-node\\">X</button></div>"`;
