// Jest Snapshot v1, https://goo.gl/fbAQLP

exports[`Component converter oboToSlate converts an OboNode to a Slate node 1`] = `
Object {
  "nodes": Array [
    undefined,
  ],
  "object": "block",
  "type": "oboeditor.component",
}
`;

exports[`Component converter slateToObo converts a Slate node to an OboNode with content 1`] = `undefined`;
