// Jest Snapshot v1, https://goo.gl/fbAQLP

exports[`Question Editor Node Question builds the expected component 1`] = `
<div
  className="component obojobo-draft--chunks--question is-viewed is-mode-practice"
>
  <div
    className="flipper question-editor"
  >
    <div
      className="content-back"
    >
      <div
        className="obojobo-draft--components--button is-not-dangerous align-center add-solution"
      >
        <button
          onClick={[Function]}
        >
          Add Solution
        </button>
      </div>
    </div>
  </div>
  <button
    className="delete-node"
    onClick={[Function]}
  >
    X
  </button>
</div>
`;

exports[`Question Editor Node Question component adds Solution 1`] = `"<div class=\\"component obojobo-draft--chunks--question is-viewed is-mode-practice\\"><div class=\\"flipper question-editor\\"><div class=\\"content-back\\"><div class=\\"obojobo-draft--components--button is-not-dangerous align-center add-solution\\"><button>Add Solution</button></div></div></div><button class=\\"delete-node\\">X</button></div>"`;

exports[`Question Editor Node Question component deletes self 1`] = `"<div class=\\"component obojobo-draft--chunks--question is-viewed is-mode-practice\\"><div class=\\"flipper question-editor\\"><div class=\\"content-back\\"></div></div><button class=\\"delete-node\\">X</button></div>"`;
