// Jest Snapshot v1, https://goo.gl/fbAQLP

exports[`Break Icon Break Icon 1`] = `
<svg
  data-name="Layer 1"
  id="Layer_1"
  viewBox="0 0 18.17 16.52"
  xmlns="http://www.w3.org/2000/svg"
>
  <defs>
    <style>
      cls-3{fill:none;stroke:#231f20;stroke-linecap:round;stroke-miterlimit:10;opacity:0.55;}
    </style>
  </defs>
  <title>
    break
  </title>
  <line
    className="cls-3"
    x1="3.44"
    x2="14.73"
    y1="7.91"
    y2="7.91"
  />
</svg>
`;
