// Jest Snapshot v1, https://goo.gl/fbAQLP

exports[`Text editor oboToSlate converts an OboNode to a Slate node 1`] = `
Object {
  "data": Object {
    "content": Object {},
  },
  "key": "mockKey",
  "nodes": Array [
    Object {
      "data": Object {
        "align": undefined,
        "indent": 1,
      },
      "nodes": Array [
        Object {
          "leaves": undefined,
          "object": "text",
        },
      ],
      "object": "block",
      "type": "ObojoboDraft.Chunks.Text.TextLine",
    },
    Object {
      "data": Object {
        "align": 0,
        "indent": 0,
      },
      "nodes": Array [
        Object {
          "leaves": undefined,
          "object": "text",
        },
      ],
      "object": "block",
      "type": "ObojoboDraft.Chunks.Text.TextLine",
    },
  ],
  "object": "block",
  "type": "mockType",
}
`;

exports[`Text editor slateToObo converts a Slate node to an OboNode with content 1`] = `
Object {
  "children": Array [],
  "content": Object {
    "textGroup": Array [
      Object {
        "data": Object {
          "align": Object {},
          "indent": Object {},
        },
        "text": Object {
          "styleList": Array [],
          "value": "mockText",
        },
      },
    ],
  },
  "id": "mockKey",
  "type": "mockType",
}
`;
