// Jest Snapshot v1, https://goo.gl/fbAQLP

exports[`MathEquation editor Node component 1`] = `
<div
  className="component obojobo-draft--chunks--math-equation pad align-undefined"
>
  <div
    className="non-editable-chunk"
  >
    <div
      className="katex-container"
      dangerouslySetInnerHTML={
        Object {
          "__html": "<span class=\\"katex-display\\"><span class=\\"katex\\"><span class=\\"katex-mathml\\"><math><semantics><mrow><mn>1</mn></mrow><annotation encoding=\\"application/x-tex\\">1</annotation></semantics></math></span><span class=\\"katex-html\\" aria-hidden=\\"true\\"><span class=\\"strut\\" style=\\"height:0.64444em;\\"></span><span class=\\"strut bottom\\" style=\\"height:0.64444em;vertical-align:0em;\\"></span><span class=\\"base displaystyle textstyle uncramped\\"><span class=\\"mord mathrm\\">1</span></span></span></span></span>",
        }
      }
    />
    <div
      className="equation-label"
    />
  </div>
  <div
    className="equation-editor"
  >
    <div>
      <p>
        LaTeX Equation
      </p>
      <input
        frameBorder="0"
        name="Latex Equation"
        onChange={[Function]}
        onClick={[Function]}
        value="1"
      />
    </div>
    <div>
      <p>
        Equation Label
      </p>
      <input
        frameBorder="0"
        name="Equation Label"
        onChange={[Function]}
        onClick={[Function]}
      />
    </div>
  </div>
</div>
`;

exports[`MathEquation editor Node component changes input 1`] = `"<div class=\\"component obojobo-draft--chunks--math-equation pad align-undefined\\"><div class=\\"katex-container katex-error\\"><p>Cannot read property 'length' of undefined</p></div><div class=\\"equation-editor\\"><div><p>LaTeX Equation</p><input name=\\"Latex Equation\\" frameborder=\\"0\\"></div><div><p>Equation Label</p><input name=\\"Equation Label\\" frameborder=\\"0\\"></div></div></div>"`;

exports[`MathEquation editor Node component changes label 1`] = `"<div class=\\"component obojobo-draft--chunks--math-equation pad align-undefined\\"><div class=\\"katex-container katex-error\\"><p>Cannot read property 'length' of undefined</p></div><div class=\\"equation-editor\\"><div><p>LaTeX Equation</p><input name=\\"Latex Equation\\" frameborder=\\"0\\"></div><div><p>Equation Label</p><input name=\\"Equation Label\\" frameborder=\\"0\\"></div></div></div>"`;

exports[`MathEquation editor Node component with error 1`] = `
<div
  className="component obojobo-draft--chunks--math-equation pad align-undefined"
>
  <div
    className="katex-container katex-error"
  >
    <p>
      Cannot read property 'length' of null
    </p>
  </div>
  <div
    className="equation-editor"
  >
    <div>
      <p>
        LaTeX Equation
      </p>
      <input
        frameBorder="0"
        name="Latex Equation"
        onChange={[Function]}
        onClick={[Function]}
        value={null}
      />
    </div>
    <div>
      <p>
        Equation Label
      </p>
      <input
        frameBorder="0"
        name="Equation Label"
        onChange={[Function]}
        onClick={[Function]}
      />
    </div>
  </div>
</div>
`;

exports[`MathEquation editor Node component with label 1`] = `
<div
  className="component obojobo-draft--chunks--math-equation pad align-undefined"
>
  <div
    className="non-editable-chunk"
  >
    <div
      className="katex-container"
      dangerouslySetInnerHTML={
        Object {
          "__html": "<span class=\\"katex-display\\"><span class=\\"katex\\"><span class=\\"katex-mathml\\"><math><semantics><mrow><mn>1</mn></mrow><annotation encoding=\\"application/x-tex\\">1</annotation></semantics></math></span><span class=\\"katex-html\\" aria-hidden=\\"true\\"><span class=\\"strut\\" style=\\"height:0.64444em;\\"></span><span class=\\"strut bottom\\" style=\\"height:0.64444em;vertical-align:0em;\\"></span><span class=\\"base displaystyle textstyle uncramped\\"><span class=\\"mord mathrm\\">1</span></span></span></span></span>",
        }
      }
    />
  </div>
  <div
    className="equation-editor"
  >
    <div>
      <p>
        LaTeX Equation
      </p>
      <input
        frameBorder="0"
        name="Latex Equation"
        onChange={[Function]}
        onClick={[Function]}
        value="1"
      />
    </div>
    <div>
      <p>
        Equation Label
      </p>
      <input
        frameBorder="0"
        name="Equation Label"
        onChange={[Function]}
        onClick={[Function]}
        value=""
      />
    </div>
  </div>
</div>
`;

exports[`MathEquation editor oboToSlate converts an OboNode to a Slate node 1`] = `
Object {
  "data": Object {
    "content": Object {
      "width": "large",
    },
  },
  "isVoid": true,
  "key": "mockKey",
  "object": "block",
  "type": "mockType",
}
`;

exports[`MathEquation editor oboToSlate converts an OboNode to a Slate node with a caption 1`] = `
Object {
  "data": Object {
    "content": Object {},
  },
  "isVoid": true,
  "key": "mockKey",
  "object": "block",
  "type": "mockType",
}
`;

exports[`MathEquation editor plugins.renderNode renders a button when passed 1`] = `
<Node
  attributes={
    Object {
      "dummy": "dummyData",
    }
  }
  dummy="dummyData"
  node={
    Object {
      "data": Object {
        "get": [Function],
      },
      "type": "ObojoboDraft.Chunks.MathEquation",
    }
  }
/>
`;

exports[`MathEquation editor slateToObo converts a Slate node to an OboNode with content 1`] = `
Object {
  "children": Array [],
  "content": Object {},
  "id": "mockKey",
  "type": "mockType",
}
`;
