// Jest Snapshot v1, https://goo.gl/fbAQLP

exports[`MathEquation Icon Icon 1`] = `
<svg
  data-name="Layer 1"
  id="Layer_1"
  viewBox="0 0 20.29 14.79"
  xmlns="http://www.w3.org/2000/svg"
>
  <defs>
    <style>
      .cls-1{opacity:0.55;font-size:13px;font-family:Times New Roman;font-style:italic;}
    </style>
  </defs>
  <title>
    equation
  </title>
  <text
    className="cls-1"
    transform="translate(2.25 10.8)"
  >
    f(x)
  </text>
</svg>
`;
