// Jest Snapshot v1, https://goo.gl/fbAQLP

exports[`ViewerApp ViewerApp component 1`] = `"<div class=\\"viewer--viewer-app is-loaded is-previewing is-unlocked-nav is-closed-nav is-enabled-nav is-focus-state-undefined\\"><header class=\\"viewer--components--header is-logo-right\\"><div class=\\"wrapper\\"><span class=\\"module-title\\">Obojobo Example Document</span><span class=\\"location\\">?</span><div class=\\"viewer--components--logo is-not-inverted\\">Obojobo</div></div></header><!-- react-empty: 8 --><div class=\\"component obojobo-draft--modules--module\\" id=\\"obo-2a8b9d31-a8d0-44a9-b91a-aac8e6c03d4b\\" data-obo-component=\\"true\\" data-id=\\"2a8b9d31-a8d0-44a9-b91a-aac8e6c03d4b\\" data-type=\\"ObojoboDraft.Modules.Module\\" data-focussed=\\"false\\"><div></div></div><div class=\\"preview-banner\\"><span>You are previewing this module</span><div class=\\"controls\\"><span>Preview options:</span><button disabled=\\"\\">Unlock navigation</button><button class=\\"button-clear-scores\\">Reset assessments &amp; questions</button></div><div class=\\"border\\"></div></div><div class=\\"viewer--components--focus-blocker\\"></div></div>"`;

exports[`ViewerApp ViewerApp component hidden 1`] = `"<div class=\\"viewer--viewer-app is-loaded is-previewing is-unlocked-nav is-closed-nav is-enabled-nav is-focus-state-undefined\\"><div class=\\"preview-banner\\"><span>You are previewing this module</span><div class=\\"controls\\"><span>Preview options:</span><button disabled=\\"\\">Unlock navigation</button><button class=\\"button-clear-scores\\">Reset assessments &amp; questions</button></div><div class=\\"border\\"></div></div><div class=\\"viewer--components--focus-blocker\\"></div></div>"`;

exports[`ViewerApp ViewerApp component with ModalContainer 1`] = `"<div class=\\"viewer--viewer-app is-loaded is-previewing is-unlocked-nav is-closed-nav is-enabled-nav is-focus-state-undefined\\"><header class=\\"viewer--components--header is-logo-right\\"><div class=\\"wrapper\\"><span class=\\"module-title\\">Obojobo Example Document</span><span class=\\"location\\">?</span><div class=\\"viewer--components--logo is-not-inverted\\">Obojobo</div></div></header><!-- react-empty: 8 --><div class=\\"component obojobo-draft--modules--module\\" id=\\"obo-2a8b9d31-a8d0-44a9-b91a-aac8e6c03d4b\\" data-obo-component=\\"true\\" data-id=\\"2a8b9d31-a8d0-44a9-b91a-aac8e6c03d4b\\" data-type=\\"ObojoboDraft.Modules.Module\\" data-focussed=\\"false\\"><div></div></div><div class=\\"preview-banner\\"><span>You are previewing this module</span><div class=\\"controls\\"><span>Preview options:</span><button disabled=\\"\\">Unlock navigation</button><button class=\\"button-clear-scores\\">Reset assessments &amp; questions</button></div><div class=\\"border\\"></div></div><div class=\\"viewer--components--focus-blocker\\"></div><div class=\\"obojobo-draft--components--modal-container\\"><div class=\\"content\\"></div></div></div>"`;

exports[`ViewerApp ViewerApp component with invalid status 1`] = `"<div class=\\"viewer--viewer-app--visit-error\\">There was a problem starting your visit. Please return to the external system and relaunch this module.</div>"`;

exports[`ViewerApp ViewerApp component with lti service 1`] = `"<div class=\\"viewer--viewer-app--visit-error\\">There was a problem starting your visit. Please return to lis-outcome-service-url.test and relaunch this module.</div>"`;

exports[`ViewerApp ViewerApp component with nav models 1`] = `"<div class=\\"viewer--viewer-app is-loaded is-previewing is-unlocked-nav is-closed-nav is-enabled-nav is-focus-state-undefined\\"><header class=\\"viewer--components--header is-logo-right\\"><div class=\\"wrapper\\"><span class=\\"module-title\\">Obojobo Example Document</span><span class=\\"location\\">?</span><div class=\\"viewer--components--logo is-not-inverted\\">Obojobo</div></div></header><!-- react-empty: 8 --><div class=\\"viewer--components--inline-nav-button is-prev is-enabled\\">Back</div><div class=\\"component obojobo-draft--modules--module\\" id=\\"obo-2a8b9d31-a8d0-44a9-b91a-aac8e6c03d4b\\" data-obo-component=\\"true\\" data-id=\\"2a8b9d31-a8d0-44a9-b91a-aac8e6c03d4b\\" data-type=\\"ObojoboDraft.Modules.Module\\" data-focussed=\\"false\\"><div></div></div><div class=\\"viewer--components--inline-nav-button is-next is-enabled\\">Next</div><div class=\\"preview-banner\\"><span>You are previewing this module</span><div class=\\"controls\\"><span>Preview options:</span><button disabled=\\"\\">Unlock navigation</button><button class=\\"button-clear-scores\\">Reset assessments &amp; questions</button></div><div class=\\"border\\"></div></div><div class=\\"viewer--components--focus-blocker\\"></div></div>"`;

exports[`ViewerApp ViewerApp component with nav models and titles 1`] = `"<div class=\\"viewer--viewer-app is-loaded is-previewing is-unlocked-nav is-closed-nav is-enabled-nav is-focus-state-undefined\\"><header class=\\"viewer--components--header is-logo-right\\"><div class=\\"wrapper\\"><span class=\\"module-title\\">Obojobo Example Document</span><span class=\\"location\\">?</span><div class=\\"viewer--components--logo is-not-inverted\\">Obojobo</div></div></header><!-- react-empty: 8 --><div class=\\"viewer--components--inline-nav-button is-prev is-enabled\\">Back: mockPrevTitle</div><div class=\\"component obojobo-draft--modules--module\\" id=\\"obo-2a8b9d31-a8d0-44a9-b91a-aac8e6c03d4b\\" data-obo-component=\\"true\\" data-id=\\"2a8b9d31-a8d0-44a9-b91a-aac8e6c03d4b\\" data-type=\\"ObojoboDraft.Modules.Module\\" data-focussed=\\"false\\"><div></div></div><div class=\\"viewer--components--inline-nav-button is-next is-enabled\\">Next: mockNextTitle</div><div class=\\"preview-banner\\"><span>You are previewing this module</span><div class=\\"controls\\"><span>Preview options:</span><button disabled=\\"\\">Unlock navigation</button><button class=\\"button-clear-scores\\">Reset assessments &amp; questions</button></div><div class=\\"border\\"></div></div><div class=\\"viewer--components--focus-blocker\\"></div></div>"`;

exports[`ViewerApp ViewerApp component with navTarget 1`] = `"<div class=\\"viewer--viewer-app is-loaded is-previewing is-unlocked-nav is-closed-nav is-enabled-nav is-focus-state-undefined\\"><header class=\\"viewer--components--header is-logo-right\\"><div class=\\"wrapper\\"><span class=\\"module-title\\">Obojobo Example Document</span><span class=\\"location\\">mockTarget</span><div class=\\"viewer--components--logo is-not-inverted\\">Obojobo</div></div></header><!-- react-empty: 8 --><div class=\\"component obojobo-draft--modules--module\\" id=\\"obo-2a8b9d31-a8d0-44a9-b91a-aac8e6c03d4b\\" data-obo-component=\\"true\\" data-id=\\"2a8b9d31-a8d0-44a9-b91a-aac8e6c03d4b\\" data-type=\\"ObojoboDraft.Modules.Module\\" data-focussed=\\"false\\"><div></div></div><div class=\\"preview-banner\\"><span>You are previewing this module</span><div class=\\"controls\\"><span>Preview options:</span><button disabled=\\"\\">Unlock navigation</button><button class=\\"button-clear-scores\\">Reset assessments &amp; questions</button></div><div class=\\"border\\"></div></div><div class=\\"viewer--components--focus-blocker\\"></div></div>"`;

exports[`ViewerApp ViewerApp component with no update removal 1`] = `"<div class=\\"viewer--viewer-app is-loaded is-previewing is-unlocked-nav is-closed-nav is-enabled-nav is-focus-state-undefined\\"><header class=\\"viewer--components--header is-logo-right\\"><div class=\\"wrapper\\"><span class=\\"module-title\\">Obojobo Example Document</span><span class=\\"location\\">?</span><div class=\\"viewer--components--logo is-not-inverted\\">Obojobo</div></div></header><!-- react-empty: 8 --><div class=\\"viewer--components--inline-nav-button is-prev is-not-enabled\\">Start of Obojobo Example Document</div><div class=\\"component obojobo-draft--modules--module\\" id=\\"obo-2a8b9d31-a8d0-44a9-b91a-aac8e6c03d4b\\" data-obo-component=\\"true\\" data-id=\\"2a8b9d31-a8d0-44a9-b91a-aac8e6c03d4b\\" data-type=\\"ObojoboDraft.Modules.Module\\" data-focussed=\\"false\\"><div></div></div><div class=\\"viewer--components--inline-nav-button is-next is-not-enabled\\">End of Obojobo Example Document</div><div class=\\"preview-banner\\"><span>You are previewing this module</span><div class=\\"controls\\"><span>Preview options:</span><button disabled=\\"\\">Unlock navigation</button><button class=\\"button-clear-scores\\">Reset assessments &amp; questions</button></div><div class=\\"border\\"></div></div><div class=\\"viewer--components--focus-blocker\\"></div></div>"`;

exports[`ViewerApp ViewerApp component with states 1`] = `"<div class=\\"viewer--viewer-app is-loaded is-not-previewing is-locked-nav is-open-nav is-disabled-nav is-focus-state-undefined\\"><header class=\\"viewer--components--header is-logo-right\\"><div class=\\"wrapper\\"><span class=\\"module-title\\">Obojobo Example Document</span><span class=\\"location\\">?</span><div class=\\"viewer--components--logo is-not-inverted\\">Obojobo</div></div></header><!-- react-empty: 8 --><div class=\\"component obojobo-draft--modules--module\\" id=\\"obo-2a8b9d31-a8d0-44a9-b91a-aac8e6c03d4b\\" data-obo-component=\\"true\\" data-id=\\"2a8b9d31-a8d0-44a9-b91a-aac8e6c03d4b\\" data-type=\\"ObojoboDraft.Modules.Module\\" data-focussed=\\"false\\"><div></div></div><div class=\\"viewer--components--focus-blocker\\"></div></div>"`;
