// Jest Snapshot v1, https://goo.gl/fbAQLP

exports[`Table Editor Node Table component 1`] = `
<div
  className="obojobo-draft--chunks--table viewer pad"
>
  <div
    className="container"
  >
    <table
      className="view"
    >
      <tbody>
        <tr>
          <td
            className="delete-cell"
          >
            <button
              onClick={[Function]}
            >
              X
            </button>
          </td>
        </tr>
      </tbody>
    </table>
  </div>
  <div
    className="table-editor"
  >
    <button
      onClick={[Function]}
    >
      Add Row
    </button>
    <button
      onClick={[Function]}
    >
      Add Column
    </button>
    <button
      onClick={[Function]}
    >
      Toggle Header
    </button>
  </div>
</div>
`;

exports[`Table Editor Node Table component adds col 1`] = `"<div class=\\"obojobo-draft--chunks--table viewer pad\\"><div class=\\"container\\"><table class=\\"view\\"><tbody><tr><td class=\\"delete-cell\\"><button>X</button></td></tr></tbody></table></div><div class=\\"table-editor\\"><button>Add Row</button><button>Add Column</button><button>Toggle Header</button></div></div>"`;

exports[`Table Editor Node Table component adds row 1`] = `"<div class=\\"obojobo-draft--chunks--table viewer pad\\"><div class=\\"container\\"><table class=\\"view\\"><tbody><tr><td class=\\"delete-cell\\"><button>X</button></td><td class=\\"delete-cell\\"><button>X</button></td></tr></tbody></table></div><div class=\\"table-editor\\"><button>Add Row</button><button>Add Column</button><button>Toggle Header</button></div></div>"`;

exports[`Table Editor Node Table component removes col 1`] = `"<div class=\\"obojobo-draft--chunks--table viewer pad\\"><div class=\\"container\\"><table class=\\"view\\"><tbody><tr><td class=\\"delete-cell\\"><button>X</button></td></tr></tbody></table></div><div class=\\"table-editor\\"><button>Add Row</button><button>Add Column</button><button>Toggle Header</button></div></div>"`;

exports[`Table Editor Node Table component toggles header 1`] = `"<div class=\\"obojobo-draft--chunks--table viewer pad\\"><div class=\\"container\\"><table class=\\"view\\"><tbody><tr><td class=\\"delete-cell\\"><button>X</button></td></tr></tbody></table></div><div class=\\"table-editor\\"><button>Add Row</button><button>Add Column</button><button>Toggle Header</button></div></div>"`;
