// Jest Snapshot v1, https://goo.gl/fbAQLP

exports[`EditorSchema matcher builds a list of all possible node types 1`] = `
Object {
  "document": Object {
    "nodes": Array [
      Object {
        "match": Array [
          Object {
            "type": "ObojoboDraft.Chunks.ActionButton",
          },
          Object {
            "type": "ObojoboDraft.Chunks.Break",
          },
          Object {
            "type": "ObojoboDraft.Chunks.Code",
          },
          Object {
            "type": "ObojoboDraft.Chunks.Figure",
          },
          Object {
            "type": "ObojoboDraft.Chunks.Heading",
          },
          Object {
            "type": "ObojoboDraft.Chunks.HTML",
          },
          Object {
            "type": "ObojoboDraft.Chunks.IFrame",
          },
          Object {
            "type": "ObojoboDraft.Chunks.List",
          },
          Object {
            "type": "ObojoboDraft.Chunks.MathEquation",
          },
          Object {
            "type": "ObojoboDraft.Chunks.MCAssessment",
          },
          Object {
            "type": "ObojoboDraft.Chunks.Table",
          },
          Object {
            "type": "ObojoboDraft.Chunks.Text",
          },
          Object {
            "type": "ObojoboDraft.Chunks.YouTube",
          },
          Object {
            "type": "ObojoboDraft.Chunks.QuestionBank",
          },
          Object {
            "type": "ObojoboDraft.Chunks.Question",
          },
          Object {
            "type": "ObojoboDraft.Sections.Assessment",
          },
          Object {
            "type": "ObojoboDraft.Pages.Page",
          },
        ],
        "min": 1,
      },
    ],
    "normalize": [Function],
  },
}
`;
