// Jest Snapshot v1, https://goo.gl/fbAQLP

exports[`Page Editor Node Page builds the expected component 1`] = `
<div
  className="page-editor"
/>
`;
