// Jest Snapshot v1, https://goo.gl/fbAQLP

exports[`MCChoice Editor Node MCChoice component 1`] = `
<div
  className="component obojobo-draft--chunks--mc-assessment--mc-choice is-not-correct"
>
  <button
    className="delete-node"
    onClick={[Function]}
  >
    X
  </button>
  <button
    className="correct-button"
    onClick={[Function]}
  >
    ✖
  </button>
  <div
    className="children"
  >
    <div />
  </div>
  <button
    className="add-feedback"
    onClick={[Function]}
  >
    Add Feedback
  </button>
</div>
`;

exports[`MCChoice Editor Node MCChoice component correct choice 1`] = `
<div
  className="component obojobo-draft--chunks--mc-assessment--mc-choice is-correct"
>
  <button
    className="delete-node"
    onClick={[Function]}
  >
    X
  </button>
  <button
    className="correct-button"
    onClick={[Function]}
  >
    ✔
  </button>
  <div
    className="children"
  >
    <div />
  </div>
</div>
`;

exports[`MCChoice Editor Node MCChoice component deletes itself 1`] = `"<div class=\\"component obojobo-draft--chunks--mc-assessment--mc-choice is-not-correct\\"><button class=\\"delete-node\\">X</button><button class=\\"correct-button\\">✖</button><div class=\\"children\\"><div></div></div><button class=\\"add-feedback\\">Add Feedback</button></div>"`;
